  Ôû▓ Next.js 14.2.3
  - Environments: .env.local

   Creating an optimized production build ...
node.exe :  ÔÜá Compiled with warnings
No linha:1 caractere:1
+ & "C:\Program Files\nodejs/node.exe" "C:\Program Files\nodejs/node_mo ...
+ ~~~~~~~~~~~~~~~~~~~~~~~~~~~~~~~~~~~~~~~~~~~~~~~~~~~~~~~~~~~~~~~~~~~~~
    + CategoryInfo          : NotSpecified: ( ÔÜá Compiled with warnings:String) [], RemoteException
    + FullyQualifiedErrorId : NativeCommandError
 

./app/api/wiki-path/route.ts
Attempted import error: 'checkWikipediaPageExists' is not exported from '@/lib/wikipedia' (imported as 
'checkWikipediaPageExists').

Import trace for requested module:
./app/api/wiki-path/route.ts

./app/api/wiki-path/route.ts
Attempted import error: 'checkWikipediaPageExists' is not exported from '@/lib/wikipedia' (imported as 
'checkWikipediaPageExists').

Import trace for requested module:
./app/api/wiki-path/route.ts

./app/api/wiki-path/route.ts
Attempted import error: 'fetchWikiLinks' is not exported from '@/lib/wikipedia' (imported as 'fetchWikiLinks').

Import trace for requested module:
./app/api/wiki-path/route.ts

./app/api/wiki-path/route.ts
Attempted import error: 'fetchWikiLinks' is not exported from '@/lib/wikipedia' (imported as 'fetchWikiLinks').

Import trace for requested module:
./app/api/wiki-path/route.ts

 Ô£ô Compiled successfully
   Linting and checking validity of types ...
   Collecting page data ...
PageNotFoundError: Cannot find module for page: /api/academy/generate-scenario
    at getPagePath (C:\Users\Murilo Interpira\Downloads\NexusCapital 
(1)\NexusCapital\NexusCapital\nexus-capital-elite\node_modules\next\dist\server\require.js:94:15)
    at requirePage (C:\Users\Murilo Interpira\Downloads\NexusCapital 
(1)\NexusCapital\NexusCapital\nexus-capital-elite\node_modules\next\dist\server\require.js:99:22)
    at C:\Users\Murilo Interpira\Downloads\NexusCapital 
(1)\NexusCapital\NexusCapital\nexus-capital-elite\node_modules\next\dist\server\load-components.js:98:84
    at process.processTicksAndRejections (node:internal/process/task_queues:103:5)
    at async loadComponentsImpl (C:\Users\Murilo Interpira\Downloads\NexusCapital 
(1)\NexusCapital\NexusCapital\nexus-capital-elite\node_modules\next\dist\server\load-components.js:98:26)
    at async C:\Users\Murilo Interpira\Downloads\NexusCapital 
(1)\NexusCapital\NexusCapital\nexus-capital-elite\node_modules\next\dist\build\utils.js:1116:32
    at async Span.traceAsyncFn (C:\Users\Murilo Interpira\Downloads\NexusCapital 
(1)\NexusCapital\NexusCapital\nexus-capital-elite\node_modules\next\dist\trace\trace.js:154:20) {
  code: 'ENOENT'
}
PageNotFoundError: Cannot find module for page: /api/academy/generate
    at getPagePath (C:\Users\Murilo Interpira\Downloads\NexusCapital 
(1)\NexusCapital\NexusCapital\nexus-capital-elite\node_modules\next\dist\server\require.js:94:15)
    at requirePage (C:\Users\Murilo Interpira\Downloads\NexusCapital 
(1)\NexusCapital\NexusCapital\nexus-capital-elite\node_modules\next\dist\server\require.js:99:22)
    at C:\Users\Murilo Interpira\Downloads\NexusCapital 
(1)\NexusCapital\NexusCapital\nexus-capital-elite\node_modules\next\dist\server\load-components.js:98:84
    at process.processTicksAndRejections (node:internal/process/task_queues:103:5)
    at async loadComponentsImpl (C:\Users\Murilo Interpira\Downloads\NexusCapital 
(1)\NexusCapital\NexusCapital\nexus-capital-elite\node_modules\next\dist\server\load-components.js:98:26)
    at async C:\Users\Murilo Interpira\Downloads\NexusCapital 
(1)\NexusCapital\NexusCapital\nexus-capital-elite\node_modules\next\dist\build\utils.js:1116:32
    at async Span.traceAsyncFn (C:\Users\Murilo Interpira\Downloads\NexusCapital 
(1)\NexusCapital\NexusCapital\nexus-capital-elite\node_modules\next\dist\trace\trace.js:154:20) {
  code: 'ENOENT'
}
PageNotFoundError: Cannot find module for page: /api/chat
    at getPagePath (C:\Users\Murilo Interpira\Downloads\NexusCapital 
(1)\NexusCapital\NexusCapital\nexus-capital-elite\node_modules\next\dist\server\require.js:94:15)
    at requirePage (C:\Users\Murilo Interpira\Downloads\NexusCapital 
(1)\NexusCapital\NexusCapital\nexus-capital-elite\node_modules\next\dist\server\require.js:99:22)
    at C:\Users\Murilo Interpira\Downloads\NexusCapital 
(1)\NexusCapital\NexusCapital\nexus-capital-elite\node_modules\next\dist\server\load-components.js:98:84
    at process.processTicksAndRejections (node:internal/process/task_queues:103:5)
    at async loadComponentsImpl (C:\Users\Murilo Interpira\Downloads\NexusCapital 
(1)\NexusCapital\NexusCapital\nexus-capital-elite\node_modules\next\dist\server\load-components.js:98:26)
    at async C:\Users\Murilo Interpira\Downloads\NexusCapital 
(1)\NexusCapital\NexusCapital\nexus-capital-elite\node_modules\next\dist\build\utils.js:1116:32
    at async Span.traceAsyncFn (C:\Users\Murilo Interpira\Downloads\NexusCapital 
(1)\NexusCapital\NexusCapital\nexus-capital-elite\node_modules\next\dist\trace\trace.js:154:20) {
  code: 'ENOENT'
}
PageNotFoundError: Cannot find module for page: /api/cotacoes-live
    at getPagePath (C:\Users\Murilo Interpira\Downloads\NexusCapital 
(1)\NexusCapital\NexusCapital\nexus-capital-elite\node_modules\next\dist\server\require.js:94:15)
    at requirePage (C:\Users\Murilo Interpira\Downloads\NexusCapital 
(1)\NexusCapital\NexusCapital\nexus-capital-elite\node_modules\next\dist\server\require.js:99:22)
    at C:\Users\Murilo Interpira\Downloads\NexusCapital 
(1)\NexusCapital\NexusCapital\nexus-capital-elite\node_modules\next\dist\server\load-components.js:98:84
    at process.processTicksAndRejections (node:internal/process/task_queues:103:5)
    at async loadComponentsImpl (C:\Users\Murilo Interpira\Downloads\NexusCapital 
(1)\NexusCapital\NexusCapital\nexus-capital-elite\node_modules\next\dist\server\load-components.js:98:26)
    at async C:\Users\Murilo Interpira\Downloads\NexusCapital 
(1)\NexusCapital\NexusCapital\nexus-capital-elite\node_modules\next\dist\build\utils.js:1116:32
    at async Span.traceAsyncFn (C:\Users\Murilo Interpira\Downloads\NexusCapital 
(1)\NexusCapital\NexusCapital\nexus-capital-elite\node_modules\next\dist\trace\trace.js:154:20) {
  code: 'ENOENT'
}
PageNotFoundError: Cannot find module for page: /api/cotacoes
    at getPagePath (C:\Users\Murilo Interpira\Downloads\NexusCapital 
(1)\NexusCapital\NexusCapital\nexus-capital-elite\node_modules\next\dist\server\require.js:94:15)
    at requirePage (C:\Users\Murilo Interpira\Downloads\NexusCapital 
(1)\NexusCapital\NexusCapital\nexus-capital-elite\node_modules\next\dist\server\require.js:99:22)
    at C:\Users\Murilo Interpira\Downloads\NexusCapital 
(1)\NexusCapital\NexusCapital\nexus-capital-elite\node_modules\next\dist\server\load-components.js:98:84
    at process.processTicksAndRejections (node:internal/process/task_queues:103:5)
    at async loadComponentsImpl (C:\Users\Murilo Interpira\Downloads\NexusCapital 
(1)\NexusCapital\NexusCapital\nexus-capital-elite\node_modules\next\dist\server\load-components.js:98:26)
    at async C:\Users\Murilo Interpira\Downloads\NexusCapital 
(1)\NexusCapital\NexusCapital\nexus-capital-elite\node_modules\next\dist\build\utils.js:1116:32
    at async Span.traceAsyncFn (C:\Users\Murilo Interpira\Downloads\NexusCapital 
(1)\NexusCapital\NexusCapital\nexus-capital-elite\node_modules\next\dist\trace\trace.js:154:20) {
  code: 'ENOENT'
}
PageNotFoundError: Cannot find module for page: /api/export-pdf
    at getPagePath (C:\Users\Murilo Interpira\Downloads\NexusCapital 
(1)\NexusCapital\NexusCapital\nexus-capital-elite\node_modules\next\dist\server\require.js:94:15)
    at requirePage (C:\Users\Murilo Interpira\Downloads\NexusCapital 
(1)\NexusCapital\NexusCapital\nexus-capital-elite\node_modules\next\dist\server\require.js:99:22)
    at C:\Users\Murilo Interpira\Downloads\NexusCapital 
(1)\NexusCapital\NexusCapital\nexus-capital-elite\node_modules\next\dist\server\load-components.js:98:84
    at process.processTicksAndRejections (node:internal/process/task_queues:103:5)
    at async loadComponentsImpl (C:\Users\Murilo Interpira\Downloads\NexusCapital 
(1)\NexusCapital\NexusCapital\nexus-capital-elite\node_modules\next\dist\server\load-components.js:98:26)
    at async C:\Users\Murilo Interpira\Downloads\NexusCapital 
(1)\NexusCapital\NexusCapital\nexus-capital-elite\node_modules\next\dist\build\utils.js:1116:32
    at async Span.traceAsyncFn (C:\Users\Murilo Interpira\Downloads\NexusCapital 
(1)\NexusCapital\NexusCapital\nexus-capital-elite\node_modules\next\dist\trace\trace.js:154:20) {
  code: 'ENOENT'
}

> Build error occurred
Error: Failed to collect page data for /api/academy/generate-scenario
    at C:\Users\Murilo Interpira\Downloads\NexusCapital 
(1)\NexusCapital\NexusCapital\nexus-capital-elite\node_modules\next\dist\build\utils.js:1268:15
    at process.processTicksAndRejections (node:internal/process/task_queues:103:5) {
  type: 'Error'
}
